\BOOKMARK [1][-]{section.1}{\376\377\000O\000b\000j\000e\000t\000i\000v\000o}{}% 1
\BOOKMARK [1][-]{section.2}{\376\377\000D\000e\000s\000c\000r\000i\000p\000c\000i\000\363\000n\000\040\000M\000a\000t\000e\000m\000\341\000t\000i\000c\000a\000\040\000d\000e\000\040\000l\000a\000s\000\040\000A\000r\000q\000u\000i\000t\000e\000c\000t\000u\000r\000a\000s}{}% 2
\BOOKMARK [2][-]{subsection.2.1}{\376\377\000P\000r\000e\000l\000i\000m\000i\000n\000a\000r\000e\000s\000:\000\040\000U\000-\000N\000e\000t}{section.2}% 3
\BOOKMARK [2][-]{subsection.2.2}{\376\377\000B\000a\000s\000e\000l\000i\000n\000e\000U\000N\000e\000t\000\040\000\050\000R\000e\000f\000e\000r\000e\000n\000c\000i\000a\000\051}{section.2}% 4
\BOOKMARK [2][-]{subsection.2.3}{\376\377\000I\000n\000p\000u\000t\000F\000u\000s\000i\000o\000n\000T\000D\000A\000S\000e\000g\000U\000N\000e\000t\000\040\000\050\000P\000a\000p\000e\000r\000\051}{section.2}% 5
\BOOKMARK [2][-]{subsection.2.4}{\376\377\000B\000o\000t\000t\000l\000e\000n\000e\000c\000k\000F\000u\000s\000i\000o\000n\000T\000D\000A\000S\000e\000g\000U\000N\000e\000t\000\040\000\050\000P\000r\000o\000p\000u\000e\000s\000t\000a\000\051}{section.2}% 6
\BOOKMARK [1][-]{section.3}{\376\377\000P\000i\000p\000e\000l\000i\000n\000e\000\040\000T\000D\000A}{}% 7
\BOOKMARK [1][-]{section.4}{\376\377\000F\000u\000n\000c\000i\000o\000n\000e\000s\000\040\000d\000e\000\040\000P\000\351\000r\000d\000i\000d\000a}{}% 8
\BOOKMARK [2][-]{subsection.4.1}{\376\377\000S\000o\000f\000t\000D\000i\000c\000e\000L\000o\000s\000s}{section.4}% 9
\BOOKMARK [2][-]{subsection.4.2}{\376\377\000B\000e\000t\000t\000i\000M\000a\000t\000c\000h\000i\000n\000g\000L\000o\000s\000s\000\040\000s\000t\000u\000c\000k\000i\0002\0000\0002\0003}{section.4}% 10
\BOOKMARK [2][-]{subsection.4.3}{\376\377\000E\000n\000t\000r\000e\000n\000a\000m\000i\000e\000n\000t\000o\000\040\000C\000u\000r\000r\000i\000c\000u\000l\000a\000r}{section.4}% 11
\BOOKMARK [1][-]{section.5}{\376\377\000C\000o\000n\000f\000i\000g\000u\000r\000a\000c\000i\000\363\000n\000\040\000E\000x\000p\000e\000r\000i\000m\000e\000n\000t\000a\000l}{}% 12
\BOOKMARK [1][-]{section.6}{\376\377\000R\000e\000s\000u\000l\000t\000a\000d\000o\000s}{}% 13
\BOOKMARK [2][-]{subsection.6.1}{\376\377\000T\000a\000b\000l\000a\000\040\000C\000o\000m\000p\000l\000e\000t\000a}{section.6}% 14
\BOOKMARK [2][-]{subsection.6.2}{\376\377\000R\000e\000s\000u\000l\000t\000a\000d\000o\000s\000\040\000E\000s\000t\000r\000a\000t\000i\000f\000i\000c\000a\000d\000o\000s}{section.6}% 15
\BOOKMARK [2][-]{subsection.6.3}{\376\377\000C\000o\000m\000p\000o\000n\000e\000n\000t\000e\000s\000\040\000d\000e\000\040\000P\000\351\000r\000d\000i\000d\000a}{section.6}% 16
\BOOKMARK [1][-]{section.7}{\376\377\000A\000n\000\341\000l\000i\000s\000i\000s\000\040\000y\000\040\000D\000i\000s\000c\000u\000s\000i\000\363\000n}{}% 17
\BOOKMARK [2][-]{subsection.7.1}{\376\377\000H\000a\000l\000l\000a\000z\000g\000o\000\040\0001\000:\000\040\000B\000e\000t\000t\000i\000\040\000M\000a\000t\000c\000h\000i\000n\000g\000\040\000r\000e\000d\000u\000c\000e\000\040\000e\000r\000r\000o\000r\000e\000s\000\040\000d\000r\000\341\000s\000t\000i\000c\000a\000m\000e\000n\000t\000e}{section.7}% 18
\BOOKMARK [2][-]{subsection.7.2}{\376\377\000H\000a\000l\000l\000a\000z\000g\000o\000\040\0002\000:\000\040\000B\000o\000t\000t\000l\000e\000n\000e\000c\000k\000F\000u\000s\000i\000o\000n\000\040\000s\000u\000p\000e\000r\000a\000\040\000a\000\040\000I\000n\000p\000u\000t\000F\000u\000s\000i\000o\000n}{section.7}% 19
\BOOKMARK [2][-]{subsection.7.3}{\376\377\000H\000a\000l\000l\000a\000z\000g\000o\000\040\0003\000:\000\040\000L\000a\000s\000\040\000P\000I\000\040\000s\000o\000n\000\040\000i\000n\000f\000o\000r\000m\000a\000t\000i\000v\000a\000s\000\040\000p\000o\000r\000\040\000s\000\355\000\040\000s\000o\000l\000a\000s}{section.7}% 20
\BOOKMARK [2][-]{subsection.7.4}{\376\377\000H\000a\000l\000l\000a\000z\000g\000o\000\040\0004\000:\000\040\000E\000l\000\040\000m\000o\000d\000o\000\040\000b\000e\000t\000t\000i\000-\000o\000n\000l\000y\000\040\000r\000e\000v\000e\000l\000a\000\040\000e\000l\000\040\000t\000r\000a\000d\000e\000-\000o\000f\000f}{section.7}% 21
\BOOKMARK [2][-]{subsection.7.5}{\376\377\000P\000r\000i\000n\000c\000i\000p\000i\000o\000\040\000d\000e\000\040\000S\000e\000p\000a\000r\000a\000c\000i\000\363\000n\000\040\000d\000e\000\040\000G\000r\000a\000d\000i\000e\000n\000t\000e\000s}{section.7}% 22
\BOOKMARK [2][-]{subsection.7.6}{\376\377\000C\000o\000r\000r\000e\000c\000c\000i\000\363\000n\000\040\000d\000e\000l\000\040\000B\000u\000g}{section.7}% 23
\BOOKMARK [1][-]{section.8}{\376\377\000L\000i\000m\000i\000t\000a\000c\000i\000o\000n\000e\000s}{}% 24
\BOOKMARK [1][-]{section.9}{\376\377\000C\000o\000n\000c\000l\000u\000s\000i\000o\000n\000e\000s}{}% 25
\BOOKMARK [1][-]{section.10}{\376\377\000P\000r\000\363\000x\000i\000m\000o\000s\000\040\000P\000a\000s\000o\000s}{}% 26
